// Jest Snapshot v1, https://goo.gl/fbAQLP

exports[`Footer is created 1`] = `
<div
  className="footer"
>
  netflixroulette
</div>
`;
